// Jest Snapshot v1, https://goo.gl/fbAQLP

exports[`LoadAssessmentDialog should render properly 1`] = `
<ChangeAssessmentDialog
  deps={
    Object {
      "detailsViewActionMessageCreator": proxy {
        "___id": "BCDF5CE5-F0DF-40B7-8BA0-69DF395033C8",
        "addPathForValidation": [Function],
        "cancelStartOver": [Function],
        "cancelStartOverAllAssessments": [Function],
        "changeAssessmentVisualizationState": [Function],
        "changeManualRequirementStatus": [Function],
        "changeManualTestStatus": [Function],
        "clearPathSnippetData": [Function],
        "closePreviewFeaturesPanel": [Function],
        "closeScopingPanel": [Function],
        "closeSettingsPanel": [Function],
        "continuePreviousAssessment": [Function],
        "copyIssueDetailsClicked": [Function],
        "dispatcher": undefined,
        "editFailureInstance": [Function],
        "leftNavPanelExpanded": [Function],
        "loadAssessment": [Function],
        "removeFailureInstance": [Function],
        "rescanVisualization": [Function],
        "setAllUrlsPermissionState": [Function],
        "setFeatureFlag": [Function],
        "startOverAllAssessments": [Function],
        "switchToTargetTab": [Function],
        "telemetryFactory": undefined,
        "undoManualRequirementStatusChange": [Function],
        "undoManualTestStatusChange": [Function],
      },
    }
  }
  dialogContentTitle="Assessment in progress"
  dialogFirstText={
    <React.Fragment>
      Would you like to continue your current assessment or load the new Assessment?
    </React.Fragment>
  }
  dialogNoteText="If 'Continue previous' is selected, the assessment selected will not be loaded."
  dialogWarningText="If 'Load assessmentâ€™ is selected, all previous progress will be lost."
  divId="load-assessment-dialog-description"
  leftButtonOnClick={[Function]}
  leftButtonText="Continue previous"
  rightButtonOnClick={[Function]}
  rightButtonText="Load Assessment"
  subtitleAriaId="load-assessment-dialog-description"
/>
`;
