// Jest Snapshot v1, https://goo.gl/fbAQLP

exports[`NextRequirementButton renders 1`] = `
<CustomizedDefaultButton
  onClick={[Function]}
>
  <span>
    <Memo(Icon)
      iconName="ChevronRight"
    />
  </span>
</CustomizedDefaultButton>
`;
